<span class="hljs-tag"><span class="hljs-punctuation">[</span><span class="hljs-name">h</span><span class="hljs-punctuation">]</span></span>Some common bbcode tags<span class="hljs-tag"><span class="hljs-punctuation">[/</span><span class="hljs-name">h</span><span class="hljs-punctuation">]</span></span>

<span class="hljs-tag"><span class="hljs-punctuation">[</span><span class="hljs-name">b</span><span class="hljs-punctuation">]</span></span>Bold text<span class="hljs-tag"><span class="hljs-punctuation">[/</span><span class="hljs-name">b</span><span class="hljs-punctuation">]</span></span>
<span class="hljs-tag"><span class="hljs-punctuation">[</span><span class="hljs-name">i</span><span class="hljs-punctuation">]</span></span>Italic text<span class="hljs-tag"><span class="hljs-punctuation">[/</span><span class="hljs-name">i</span><span class="hljs-punctuation">]</span></span>
<span class="hljs-tag"><span class="hljs-punctuation">[</span><span class="hljs-name">u</span><span class="hljs-punctuation">]</span></span>Underlined text<span class="hljs-tag"><span class="hljs-punctuation">[/</span><span class="hljs-name">u</span><span class="hljs-punctuation">]</span></span>
<span class="hljs-tag"><span class="hljs-punctuation">[</span><span class="hljs-name">s</span><span class="hljs-punctuation">]</span></span>Strikethrough text<span class="hljs-tag"><span class="hljs-punctuation">[/</span><span class="hljs-name">s</span><span class="hljs-punctuation">]</span></span>
<span class="hljs-tag"><span class="hljs-punctuation">[</span><span class="hljs-name">size</span><span class="hljs-punctuation">=</span><span class="hljs-string">24</span><span class="hljs-punctuation">]</span></span>font size<span class="hljs-tag"><span class="hljs-punctuation">[/</span><span class="hljs-name">size</span><span class="hljs-punctuation">]</span></span>
<span class="hljs-tag"><span class="hljs-punctuation">[</span><span class="hljs-name">style</span> <span class="hljs-attr">size</span><span class="hljs-punctuation">=</span><span class="hljs-string">24</span><span class="hljs-punctuation">]</span></span>font size<span class="hljs-tag"><span class="hljs-punctuation">[/</span><span class="hljs-name">style</span><span class="hljs-punctuation">]</span></span>
<span class="hljs-tag"><span class="hljs-punctuation">[</span><span class="hljs-name">color</span><span class="hljs-punctuation">=</span><span class="hljs-string">#33e6ff</span><span class="hljs-punctuation">]</span></span>text color<span class="hljs-tag"><span class="hljs-punctuation">[/</span><span class="hljs-name">color</span><span class="hljs-punctuation">]</span></span>
<span class="hljs-tag"><span class="hljs-punctuation">[</span><span class="hljs-name">style</span> <span class="hljs-attr">color</span><span class="hljs-punctuation">=</span><span class="hljs-string">#33e6ff</span><span class="hljs-punctuation">]</span></span>text color<span class="hljs-tag"><span class="hljs-punctuation">[/</span><span class="hljs-name">style</span><span class="hljs-punctuation">]</span></span>
<span class="hljs-tag"><span class="hljs-punctuation">[</span><span class="hljs-name">center</span><span class="hljs-punctuation">]</span></span>center text<span class="hljs-tag"><span class="hljs-punctuation">[/</span><span class="hljs-name">center</span><span class="hljs-punctuation">]</span></span>
<span class="hljs-tag"><span class="hljs-punctuation">[</span><span class="hljs-name">left</span><span class="hljs-punctuation">]</span></span>left text<span class="hljs-tag"><span class="hljs-punctuation">[/</span><span class="hljs-name">left</span><span class="hljs-punctuation">]</span></span>
<span class="hljs-tag"><span class="hljs-punctuation">[</span><span class="hljs-name">right</span><span class="hljs-punctuation">]</span></span>right text<span class="hljs-tag"><span class="hljs-punctuation">[/</span><span class="hljs-name">right</span><span class="hljs-punctuation">]</span></span>
<span class="hljs-tag"><span class="hljs-punctuation">[</span><span class="hljs-name">quote</span><span class="hljs-punctuation">]</span></span>Quoted text<span class="hljs-tag"><span class="hljs-punctuation">[/</span><span class="hljs-name">quote</span><span class="hljs-punctuation">]</span></span>
<span class="hljs-tag"><span class="hljs-punctuation">[</span><span class="hljs-name">quote</span><span class="hljs-punctuation">=</span><span class="hljs-string">Author</span><span class="hljs-punctuation">]</span></span>Text<span class="hljs-tag"><span class="hljs-punctuation">[/</span><span class="hljs-name">quote</span><span class="hljs-punctuation">]</span></span>
<span class="hljs-tag"><span class="hljs-punctuation">[</span><span class="hljs-name">spoiler</span><span class="hljs-punctuation">]</span></span>spoiler text<span class="hljs-tag"><span class="hljs-punctuation">[/</span><span class="hljs-name">spoiler</span><span class="hljs-punctuation">]</span></span>
<span class="hljs-tag"><span class="hljs-punctuation">[</span><span class="hljs-name">spoiler</span><span class="hljs-punctuation">=</span><span class="hljs-string">Summary Title Here</span><span class="hljs-punctuation">]</span></span>spoiler text<span class="hljs-tag"><span class="hljs-punctuation">[/</span><span class="hljs-name">spoiler</span><span class="hljs-punctuation">]</span></span>
<span class="hljs-tag"><span class="hljs-punctuation">[</span><span class="hljs-name">url</span><span class="hljs-punctuation">]</span></span>https://example.com<span class="hljs-tag"><span class="hljs-punctuation">[/</span><span class="hljs-name">url</span><span class="hljs-punctuation">]</span></span>
<span class="hljs-tag"><span class="hljs-punctuation">[</span><span class="hljs-name">url</span><span class="hljs-punctuation">=</span><span class="hljs-string">https://example.com</span><span class="hljs-punctuation">]</span></span>Example<span class="hljs-tag"><span class="hljs-punctuation">[/</span><span class="hljs-name">url</span><span class="hljs-punctuation">]</span></span>
<span class="hljs-tag"><span class="hljs-punctuation">[</span><span class="hljs-name">img</span><span class="hljs-punctuation">]</span></span>https://exampleImage.com<span class="hljs-tag"><span class="hljs-punctuation">[/</span><span class="hljs-name">img</span><span class="hljs-punctuation">]</span></span>
<span class="hljs-tag"><span class="hljs-punctuation">[</span><span class="hljs-name">img</span> <span class="hljs-attr">width</span><span class="hljs-punctuation">=</span><span class="hljs-string">400px</span> <span class="hljs-attr">height</span><span class="hljs-punctuation">=</span><span class="hljs-string">200px</span><span class="hljs-punctuation">]</span></span>https://exampleImage.com<span class="hljs-tag"><span class="hljs-punctuation">[/</span><span class="hljs-name">img</span><span class="hljs-punctuation">]</span></span>
<span class="hljs-tag"><span class="hljs-punctuation">[</span><span class="hljs-name">img</span><span class="hljs-punctuation">=</span><span class="hljs-string">400x200</span><span class="hljs-punctuation">]</span></span>https://exampleImage.com<span class="hljs-tag"><span class="hljs-punctuation">[/</span><span class="hljs-name">img</span><span class="hljs-punctuation">]</span></span>
<span class="hljs-tag"><span class="hljs-punctuation">[</span><span class="hljs-name">list</span><span class="hljs-punctuation">]</span></span>
  <span class="hljs-tag"><span class="hljs-punctuation">[</span><span class="hljs-name">*</span><span class="hljs-punctuation">]</span></span>List item
  <span class="hljs-tag"><span class="hljs-punctuation">[</span><span class="hljs-name">*</span><span class="hljs-punctuation">]</span></span>List item
<span class="hljs-tag"><span class="hljs-punctuation">[/</span><span class="hljs-name">list</span><span class="hljs-punctuation">]</span></span>
<span class="hljs-tag"><span class="hljs-punctuation">[</span><span class="hljs-name">code</span><span class="hljs-punctuation">]</span></span>code here<span class="hljs-tag"><span class="hljs-punctuation">[/</span><span class="hljs-name">code</span><span class="hljs-punctuation">]</span></span>
<span class="hljs-tag"><span class="hljs-punctuation">[</span><span class="hljs-name">table</span><span class="hljs-punctuation">]</span></span>
  <span class="hljs-tag"><span class="hljs-punctuation">[</span><span class="hljs-name">tr</span><span class="hljs-punctuation">]</span></span>
    <span class="hljs-tag"><span class="hljs-punctuation">[</span><span class="hljs-name">th</span><span class="hljs-punctuation">]</span></span>Heading cell<span class="hljs-tag"><span class="hljs-punctuation">[/</span><span class="hljs-name">th</span><span class="hljs-punctuation">]</span></span>
    <span class="hljs-tag"><span class="hljs-punctuation">[</span><span class="hljs-name">th</span><span class="hljs-punctuation">]</span></span>Heading cell<span class="hljs-tag"><span class="hljs-punctuation">[/</span><span class="hljs-name">th</span><span class="hljs-punctuation">]</span></span>
  <span class="hljs-tag"><span class="hljs-punctuation">[/</span><span class="hljs-name">tr</span><span class="hljs-punctuation">]</span></span>
  <span class="hljs-tag"><span class="hljs-punctuation">[</span><span class="hljs-name">tr</span><span class="hljs-punctuation">]</span></span>
    <span class="hljs-tag"><span class="hljs-punctuation">[</span><span class="hljs-name">td</span><span class="hljs-punctuation">]</span></span>Content cell<span class="hljs-tag"><span class="hljs-punctuation">[/</span><span class="hljs-name">td</span><span class="hljs-punctuation">]</span></span>
    <span class="hljs-tag"><span class="hljs-punctuation">[</span><span class="hljs-name">td</span><span class="hljs-punctuation">]</span></span>Content cell<span class="hljs-tag"><span class="hljs-punctuation">[/</span><span class="hljs-name">td</span><span class="hljs-punctuation">]</span></span>
  <span class="hljs-tag"><span class="hljs-punctuation">[/</span><span class="hljs-name">tr</span><span class="hljs-punctuation">]</span></span>
<span class="hljs-tag"><span class="hljs-punctuation">[/</span><span class="hljs-name">table</span><span class="hljs-punctuation">]</span></span>

<span class="hljs-tag"><span class="hljs-punctuation">[</span><span class="hljs-name">h</span><span class="hljs-punctuation">]</span></span>Tag type checks<span class="hljs-tag"><span class="hljs-punctuation">[/</span><span class="hljs-name">h</span><span class="hljs-punctuation">]</span></span>

<span class="hljs-tag"><span class="hljs-punctuation">[</span><span class="hljs-name">tag</span><span class="hljs-punctuation">]</span></span>simple tag<span class="hljs-tag"><span class="hljs-punctuation">[/</span><span class="hljs-name">tag</span><span class="hljs-punctuation">]</span></span>
<span class="hljs-tag"><span class="hljs-punctuation">[</span><span class="hljs-name">tag</span><span class="hljs-punctuation">=</span><span class="hljs-string">param</span><span class="hljs-punctuation">]</span></span>tag with param<span class="hljs-tag"><span class="hljs-punctuation">[/</span><span class="hljs-name">tag</span><span class="hljs-punctuation">]</span></span>
<span class="hljs-tag"><span class="hljs-punctuation">[</span><span class="hljs-name">tag</span> <span class="hljs-attr">param</span><span class="hljs-punctuation">=</span><span class="hljs-string">value</span><span class="hljs-punctuation">]</span></span>tag with complex param<span class="hljs-tag"><span class="hljs-punctuation">[/</span><span class="hljs-name">tag</span><span class="hljs-punctuation">]</span></span>
<span class="hljs-tag"><span class="hljs-punctuation">[</span><span class="hljs-name">tag</span> <span class="hljs-attr">param</span><span class="hljs-punctuation">=</span><span class="hljs-string">value</span> <span class="hljs-attr">param2</span><span class="hljs-punctuation">=</span><span class="hljs-string">value2</span><span class="hljs-punctuation">]</span></span>tag with multiple params<span class="hljs-tag"><span class="hljs-punctuation">[/</span><span class="hljs-name">tag</span><span class="hljs-punctuation">]</span></span>

<span class="hljs-tag"><span class="hljs-punctuation">[</span><span class="hljs-name">h</span><span class="hljs-punctuation">]</span></span>Tag params with quotes<span class="hljs-tag"><span class="hljs-punctuation">[/</span><span class="hljs-name">h</span><span class="hljs-punctuation">]</span></span>

<span class="hljs-tag"><span class="hljs-punctuation">[</span><span class="hljs-name">tag</span><span class="hljs-punctuation">=</span><span class="hljs-string">&quot;param value&quot;</span><span class="hljs-punctuation">]</span></span>tag with quoted tag<span class="hljs-tag"><span class="hljs-punctuation">[/</span><span class="hljs-name">tag</span><span class="hljs-punctuation">]</span></span>
<span class="hljs-tag"><span class="hljs-punctuation">[</span><span class="hljs-name">tag</span> <span class="hljs-attr">param</span><span class="hljs-punctuation">=</span><span class="hljs-string">&quot;value&quot;</span><span class="hljs-punctuation">]</span></span>tag with quoted param<span class="hljs-tag"><span class="hljs-punctuation">[/</span><span class="hljs-name">tag</span><span class="hljs-punctuation">]</span></span>
<span class="hljs-tag"><span class="hljs-punctuation">[</span><span class="hljs-name">tag</span> <span class="hljs-attr">param</span><span class="hljs-punctuation">=</span><span class="hljs-string">&#x27;value&#x27;</span><span class="hljs-punctuation">]</span></span>tag with quoted param<span class="hljs-tag"><span class="hljs-punctuation">[/</span><span class="hljs-name">tag</span><span class="hljs-punctuation">]</span></span>
<span class="hljs-tag"><span class="hljs-punctuation">[</span><span class="hljs-name">tag</span> <span class="hljs-attr">param</span><span class="hljs-punctuation">=</span><span class="hljs-string">&quot;value&quot;</span> <span class="hljs-attr">param2</span><span class="hljs-punctuation">=</span><span class="hljs-string">&#x27;value2&#x27;</span><span class="hljs-punctuation">]</span></span>tag with multiple quoted params<span class="hljs-tag"><span class="hljs-punctuation">[/</span><span class="hljs-name">tag</span><span class="hljs-punctuation">]</span></span>

<span class="hljs-tag"><span class="hljs-punctuation">[</span><span class="hljs-name">h</span><span class="hljs-punctuation">]</span></span>Aggressive edge cases<span class="hljs-tag"><span class="hljs-punctuation">[/</span><span class="hljs-name">h</span><span class="hljs-punctuation">]</span></span>
<span class="hljs-tag"><span class="hljs-punctuation">[</span><span class="hljs-name">tag</span><span class="hljs-punctuation">=</span><span class="hljs-string">&quot;param with [tag]&quot;</span><span class="hljs-punctuation">]</span></span>tag with quoted tag<span class="hljs-tag"><span class="hljs-punctuation">[/</span><span class="hljs-name">tag</span><span class="hljs-punctuation">]</span></span>
<span class="hljs-tag"><span class="hljs-punctuation">[</span><span class="hljs-name">tag</span><span class="hljs-punctuation">=</span><span class="hljs-string">new
line
param</span><span class="hljs-punctuation">]</span></span>tag with new line param<span class="hljs-tag"><span class="hljs-punctuation">[/</span><span class="hljs-name">tag</span><span class="hljs-punctuation">]</span></span>
<span class="hljs-tag"><span class="hljs-punctuation">[</span><span class="hljs-name">tag</span><span class="hljs-punctuation">=</span><span class="hljs-string">&quot;new
line&quot;</span><span class="hljs-punctuation">]</span></span>tag with new line<span class="hljs-tag"><span class="hljs-punctuation">[/</span><span class="hljs-name">tag</span><span class="hljs-punctuation">]</span></span>